  Geri y├╝klenecek projeler belirleniyor...
C:\Users\humeyra.cimen\Desktop\yeeeeeeeee\yee-toplanti\Toplanti.Business\Toplanti.Business.csproj : warning NU1903: 'MimeKit' 4.4.0 paketinde ├Ânem derecesi y├╝ksek olan bilinen bir https://github.com/advisories/GHSA-gmc6-fwg3-75m5 g├╝venlik a├ğ─▒─ş─▒ var [C:\Users\humeyra.cimen\Desktop\yeeeeeeeee\yee-toplanti\Toplanti.sln]
C:\Users\humeyra.cimen\Desktop\yeeeeeeeee\yee-toplanti\Toplanti.Business\Toplanti.Business.csproj : warning NU1902: 'RestSharp' 111.4.1 paketinde ├Ânem derecesi orta olan bilinen bir https://github.com/advisories/GHSA-4rr6-2v9v-wcpc g├╝venlik a├ğ─▒─ş─▒ var [C:\Users\humeyra.cimen\Desktop\yeeeeeeeee\yee-toplanti\Toplanti.sln]
  Geri y├╝kleme i├ğin t├╝m projeler g├╝ncel.
C:\Users\humeyra.cimen\Desktop\yeeeeeeeee\yee-toplanti\Toplanti.Business\Toplanti.Business.csproj : warning NU1903: 'MimeKit' 4.4.0 paketinde ├Ânem derecesi y├╝ksek olan bilinen bir https://github.com/advisories/GHSA-gmc6-fwg3-75m5 g├╝venlik a├ğ─▒─ş─▒ var
C:\Users\humeyra.cimen\Desktop\yeeeeeeeee\yee-toplanti\Toplanti.Business\Toplanti.Business.csproj : warning NU1902: 'RestSharp' 111.4.1 paketinde ├Ânem derecesi orta olan bilinen bir https://github.com/advisories/GHSA-4rr6-2v9v-wcpc g├╝venlik a├ğ─▒─ş─▒ var
  Toplanti.Core -> C:\Users\humeyra.cimen\Desktop\yeeeeeeeee\yee-toplanti\Toplanti.Core\bin\Debug\net8.0\Toplanti.Core.dll
  Toplanti.Entities -> C:\Users\humeyra.cimen\Desktop\yeeeeeeeee\yee-toplanti\Toplanti.Entities\bin\Debug\net8.0\Toplanti.Entities.dll
  Toplanti.DataAccess -> C:\Users\humeyra.cimen\Desktop\yeeeeeeeee\yee-toplanti\Toplanti.DataAccess\bin\Debug\net8.0\Toplanti.DataAccess.dll
C:\Users\humeyra.cimen\Desktop\yeeeeeeeee\yee-toplanti\Toplanti.Business\HttpClients\SsoApi.cs(6,7): warning CS0105: 'Toplanti.Core.Utilities.Results' i├ğin using y├Ânergesi bu ad alan─▒nda daha ├Ânce g├Âr├╝nd├╝ [C:\Users\humeyra.cimen\Desktop\yeeeeeeeee\yee-toplanti\Toplanti.Business\Toplanti.Business.csproj]
C:\Users\humeyra.cimen\Desktop\yeeeeeeeee\yee-toplanti\Toplanti.Business\Mapping\ModelMapper.cs(14,32): warning CS8618: Null atanamaz alan '_mapper', olu┼şturucudan ├ğ─▒k─▒┼ş yaparken null olmayan bir de─şer i├ğermelidir. 'Gerekli' de─şi┼ştiricisini ekleyin veya alan de─şerini null atanabilir olarak bildirmeyi g├Âz ├Ân├╝nde bulundurun. [C:\Users\humeyra.cimen\Desktop\yeeeeeeeee\yee-toplanti\Toplanti.Business\Toplanti.Business.csproj]
C:\Users\humeyra.cimen\Desktop\yeeeeeeeee\yee-toplanti\Toplanti.Business\Helpers\EmailHelper.cs(39,30): warning CS0168: 'ex' de─şi┼şkeni ifade edilir ancak hi├ğbir zaman kullan─▒lmaz [C:\Users\humeyra.cimen\Desktop\yeeeeeeeee\yee-toplanti\Toplanti.Business\Toplanti.Business.csproj]
C:\Users\humeyra.cimen\Desktop\yeeeeeeeee\yee-toplanti\Toplanti.Business\BusinessAspects\Autofac\SecuredOperation.cs(21,36): warning CS8601: Olas─▒ null ba┼şvuru atamas─▒. [C:\Users\humeyra.cimen\Desktop\yeeeeeeeee\yee-toplanti\Toplanti.Business\Toplanti.Business.csproj]
C:\Users\humeyra.cimen\Desktop\yeeeeeeeee\yee-toplanti\Toplanti.Business\BusinessAspects\Autofac\SecuredOperation.cs(18,16): warning CS8618: Null atanamaz alan '_httpContextAccessor', olu┼şturucudan ├ğ─▒k─▒┼ş yaparken null olmayan bir de─şer i├ğermelidir. 'Gerekli' de─şi┼ştiricisini ekleyin veya alan de─şerini null atanabilir olarak bildirmeyi g├Âz ├Ân├╝nde bulundurun. [C:\Users\humeyra.cimen\Desktop\yeeeeeeeee\yee-toplanti\Toplanti.Business\Toplanti.Business.csproj]
C:\Users\humeyra.cimen\Desktop\yeeeeeeeee\yee-toplanti\Toplanti.Business\BusinessAspects\Autofac\SecuredOperation.cs(27,30): warning CS8602: Olas─▒ bir null ba┼şvurunun ba┼şvurma i┼şlemi. [C:\Users\humeyra.cimen\Desktop\yeeeeeeeee\yee-toplanti\Toplanti.Business\Toplanti.Business.csproj]
C:\Users\humeyra.cimen\Desktop\yeeeeeeeee\yee-toplanti\Toplanti.Business\HttpClients\Zoom.cs(53,65): warning CS8625: Null sabit de─şer, bo┼ş de─şer atanamayan ba┼şvuru t├╝r├╝ne d├Ân├╝┼şt├╝r├╝lemiyor. [C:\Users\humeyra.cimen\Desktop\yeeeeeeeee\yee-toplanti\Toplanti.Business\Toplanti.Business.csproj]
C:\Users\humeyra.cimen\Desktop\yeeeeeeeee\yee-toplanti\Toplanti.Business\HttpClients\Zoom.cs(66,39): warning CS8600: Null sabit de─şeri veya olas─▒ null de─şeri, bo┼ş de─şer atanamaz t├╝re d├Ân├╝┼şt├╝r├╝l├╝yor. [C:\Users\humeyra.cimen\Desktop\yeeeeeeeee\yee-toplanti\Toplanti.Business\Toplanti.Business.csproj]
C:\Users\humeyra.cimen\Desktop\yeeeeeeeee\yee-toplanti\Toplanti.Business\HttpClients\Zoom.cs(73,63): warning CS8604: 'SuccessDataResult<ZoomCreatedResponse>.SuccessDataResult(ZoomCreatedResponse data, string message)' i├ğindeki 'data' parametresi i├ğin olas─▒ null ba┼şvuru ba─ş─▒ms─▒z de─şi┼şkeni. [C:\Users\humeyra.cimen\Desktop\yeeeeeeeee\yee-toplanti\Toplanti.Business\Toplanti.Business.csproj]
C:\Users\humeyra.cimen\Desktop\yeeeeeeeee\yee-toplanti\Toplanti.Business\HttpClients\SsoApi.cs(28,34): warning CS8600: Null sabit de─şeri veya olas─▒ null de─şeri, bo┼ş de─şer atanamaz t├╝re d├Ân├╝┼şt├╝r├╝l├╝yor. [C:\Users\humeyra.cimen\Desktop\yeeeeeeeee\yee-toplanti\Toplanti.Business\Toplanti.Business.csproj]
C:\Users\humeyra.cimen\Desktop\yeeeeeeeee\yee-toplanti\Toplanti.Business\HttpClients\SsoApi.cs(30,20): warning CS8603: Olas─▒ null ba┼şvuru d├Ân├╝┼ş├╝. [C:\Users\humeyra.cimen\Desktop\yeeeeeeeee\yee-toplanti\Toplanti.Business\Toplanti.Business.csproj]
C:\Users\humeyra.cimen\Desktop\yeeeeeeeee\yee-toplanti\Toplanti.Business\HttpClients\Zoom.cs(95,53): warning CS8600: Null sabit de─şeri veya olas─▒ null de─şeri, bo┼ş de─şer atanamaz t├╝re d├Ân├╝┼şt├╝r├╝l├╝yor. [C:\Users\humeyra.cimen\Desktop\yeeeeeeeee\yee-toplanti\Toplanti.Business\Toplanti.Business.csproj]
C:\Users\humeyra.cimen\Desktop\yeeeeeeeee\yee-toplanti\Toplanti.Business\HttpClients\Zoom.cs(105,38): warning CS8600: Null sabit de─şeri veya olas─▒ null de─şeri, bo┼ş de─şer atanamaz t├╝re d├Ân├╝┼şt├╝r├╝l├╝yor. [C:\Users\humeyra.cimen\Desktop\yeeeeeeeee\yee-toplanti\Toplanti.Business\Toplanti.Business.csproj]
C:\Users\humeyra.cimen\Desktop\yeeeeeeeee\yee-toplanti\Toplanti.Business\HttpClients\Zoom.cs(109,64): warning CS8604: 'ErrorDataResult<PastMeetingDetails>.ErrorDataResult(PastMeetingDetails data, string message)' i├ğindeki 'data' parametresi i├ğin olas─▒ null ba┼şvuru ba─ş─▒ms─▒z de─şi┼şkeni. [C:\Users\humeyra.cimen\Desktop\yeeeeeeeee\yee-toplanti\Toplanti.Business\Toplanti.Business.csproj]
C:\Users\humeyra.cimen\Desktop\yeeeeeeeee\yee-toplanti\Toplanti.Business\HttpClients\Zoom.cs(112,62): warning CS8604: 'SuccessDataResult<PastMeetingDetails>.SuccessDataResult(PastMeetingDetails data, string message)' i├ğindeki 'data' parametresi i├ğin olas─▒ null ba┼şvuru ba─ş─▒ms─▒z de─şi┼şkeni. [C:\Users\humeyra.cimen\Desktop\yeeeeeeeee\yee-toplanti\Toplanti.Business\Toplanti.Business.csproj]
C:\Users\humeyra.cimen\Desktop\yeeeeeeeee\yee-toplanti\Toplanti.Business\HttpClients\SsoApi.cs(41,35): warning CS8602: Olas─▒ bir null ba┼şvurunun ba┼şvurma i┼şlemi. [C:\Users\humeyra.cimen\Desktop\yeeeeeeeee\yee-toplanti\Toplanti.Business\Toplanti.Business.csproj]
C:\Users\humeyra.cimen\Desktop\yeeeeeeeee\yee-toplanti\Toplanti.Business\HttpClients\Zoom.cs(117,49): warning CS8600: Null sabit de─şeri veya olas─▒ null de─şeri, bo┼ş de─şer atanamaz t├╝re d├Ân├╝┼şt├╝r├╝l├╝yor. [C:\Users\humeyra.cimen\Desktop\yeeeeeeeee\yee-toplanti\Toplanti.Business\Toplanti.Business.csproj]
C:\Users\humeyra.cimen\Desktop\yeeeeeeeee\yee-toplanti\Toplanti.Business\HttpClients\Zoom.cs(127,34): warning CS8600: Null sabit de─şeri veya olas─▒ null de─şeri, bo┼ş de─şer atanamaz t├╝re d├Ân├╝┼şt├╝r├╝l├╝yor. [C:\Users\humeyra.cimen\Desktop\yeeeeeeeee\yee-toplanti\Toplanti.Business\Toplanti.Business.csproj]
C:\Users\humeyra.cimen\Desktop\yeeeeeeeee\yee-toplanti\Toplanti.Business\HttpClients\Zoom.cs(133,64): warning CS8604: 'ErrorDataResult<PastMeetingDetails>.ErrorDataResult(PastMeetingDetails data, string message)' i├ğindeki 'data' parametresi i├ğin olas─▒ null ba┼şvuru ba─ş─▒ms─▒z de─şi┼şkeni. [C:\Users\humeyra.cimen\Desktop\yeeeeeeeee\yee-toplanti\Toplanti.Business\Toplanti.Business.csproj]
C:\Users\humeyra.cimen\Desktop\yeeeeeeeee\yee-toplanti\Toplanti.Business\HttpClients\Zoom.cs(136,62): warning CS8604: 'SuccessDataResult<PastMeetingDetails>.SuccessDataResult(PastMeetingDetails data, string message)' i├ğindeki 'data' parametresi i├ğin olas─▒ null ba┼şvuru ba─ş─▒ms─▒z de─şi┼şkeni. [C:\Users\humeyra.cimen\Desktop\yeeeeeeeee\yee-toplanti\Toplanti.Business\Toplanti.Business.csproj]
C:\Users\humeyra.cimen\Desktop\yeeeeeeeee\yee-toplanti\Toplanti.Business\HttpClients\SsoApi.cs(54,29): warning CS8600: Null sabit de─şeri veya olas─▒ null de─şeri, bo┼ş de─şer atanamaz t├╝re d├Ân├╝┼şt├╝r├╝l├╝yor. [C:\Users\humeyra.cimen\Desktop\yeeeeeeeee\yee-toplanti\Toplanti.Business\Toplanti.Business.csproj]
C:\Users\humeyra.cimen\Desktop\yeeeeeeeee\yee-toplanti\Toplanti.Business\HttpClients\SsoApi.cs(56,20): warning CS8603: Olas─▒ null ba┼şvuru d├Ân├╝┼ş├╝. [C:\Users\humeyra.cimen\Desktop\yeeeeeeeee\yee-toplanti\Toplanti.Business\Toplanti.Business.csproj]
C:\Users\humeyra.cimen\Desktop\yeeeeeeeee\yee-toplanti\Toplanti.Business\HttpClients\SsoApi.cs(67,29): warning CS8600: Null sabit de─şeri veya olas─▒ null de─şeri, bo┼ş de─şer atanamaz t├╝re d├Ân├╝┼şt├╝r├╝l├╝yor. [C:\Users\humeyra.cimen\Desktop\yeeeeeeeee\yee-toplanti\Toplanti.Business\Toplanti.Business.csproj]
C:\Users\humeyra.cimen\Desktop\yeeeeeeeee\yee-toplanti\Toplanti.Business\HttpClients\SsoApi.cs(69,20): warning CS8603: Olas─▒ null ba┼şvuru d├Ân├╝┼ş├╝. [C:\Users\humeyra.cimen\Desktop\yeeeeeeeee\yee-toplanti\Toplanti.Business\Toplanti.Business.csproj]
C:\Users\humeyra.cimen\Desktop\yeeeeeeeee\yee-toplanti\Toplanti.Business\Concrete\LdapManager.cs(114,63): error CS1061: 'LdapException' bir 'ServerErrorMessage' tan─▒m─▒ i├ğermiyor ve 'LdapException' t├╝r├╝nde bir ilk ba─ş─▒ms─▒z de─şi┼şken kabul eden hi├ğbir eri┼şilebilir 'ServerErrorMessage' geni┼şletme y├Ântemi bulunamad─▒ (bir kullanma y├Ânergeniz veya derleme ba┼şvurunuz eksik olabilir mi?) [C:\Users\humeyra.cimen\Desktop\yeeeeeeeee\yee-toplanti\Toplanti.Business\Toplanti.Business.csproj]
C:\Users\humeyra.cimen\Desktop\yeeeeeeeee\yee-toplanti\Toplanti.Business\HttpClients\Zoom.cs(152,29): warning CS8600: Null sabit de─şeri veya olas─▒ null de─şeri, bo┼ş de─şer atanamaz t├╝re d├Ân├╝┼şt├╝r├╝l├╝yor. [C:\Users\humeyra.cimen\Desktop\yeeeeeeeee\yee-toplanti\Toplanti.Business\Toplanti.Business.csproj]
C:\Users\humeyra.cimen\Desktop\yeeeeeeeee\yee-toplanti\Toplanti.Business\HttpClients\Zoom.cs(159,62): warning CS8602: Olas─▒ bir null ba┼şvurunun ba┼şvurma i┼şlemi. [C:\Users\humeyra.cimen\Desktop\yeeeeeeeee\yee-toplanti\Toplanti.Business\Toplanti.Business.csproj]
C:\Users\humeyra.cimen\Desktop\yeeeeeeeee\yee-toplanti\Toplanti.Business\HttpClients\Zoom.cs(177,29): warning CS8600: Null sabit de─şeri veya olas─▒ null de─şeri, bo┼ş de─şer atanamaz t├╝re d├Ân├╝┼şt├╝r├╝l├╝yor. [C:\Users\humeyra.cimen\Desktop\yeeeeeeeee\yee-toplanti\Toplanti.Business\Toplanti.Business.csproj]
C:\Users\humeyra.cimen\Desktop\yeeeeeeeee\yee-toplanti\Toplanti.Business\HttpClients\Zoom.cs(186,24): warning CS8602: Olas─▒ bir null ba┼şvurunun ba┼şvurma i┼şlemi. [C:\Users\humeyra.cimen\Desktop\yeeeeeeeee\yee-toplanti\Toplanti.Business\Toplanti.Business.csproj]
C:\Users\humeyra.cimen\Desktop\yeeeeeeeee\yee-toplanti\Toplanti.Business\HttpClients\Zoom.cs(190,33): warning CS8600: Null sabit de─şeri veya olas─▒ null de─şeri, bo┼ş de─şer atanamaz t├╝re d├Ân├╝┼şt├╝r├╝l├╝yor. [C:\Users\humeyra.cimen\Desktop\yeeeeeeeee\yee-toplanti\Toplanti.Business\Toplanti.Business.csproj]
C:\Users\humeyra.cimen\Desktop\yeeeeeeeee\yee-toplanti\Toplanti.Business\HttpClients\Zoom.cs(206,33): warning CS8602: Olas─▒ bir null ba┼şvurunun ba┼şvurma i┼şlemi. [C:\Users\humeyra.cimen\Desktop\yeeeeeeeee\yee-toplanti\Toplanti.Business\Toplanti.Business.csproj]
C:\Users\humeyra.cimen\Desktop\yeeeeeeeee\yee-toplanti\Toplanti.Business\HttpClients\Zoom.cs(254,29): warning CS8600: Null sabit de─şeri veya olas─▒ null de─şeri, bo┼ş de─şer atanamaz t├╝re d├Ân├╝┼şt├╝r├╝l├╝yor. [C:\Users\humeyra.cimen\Desktop\yeeeeeeeee\yee-toplanti\Toplanti.Business\Toplanti.Business.csproj]
C:\Users\humeyra.cimen\Desktop\yeeeeeeeee\yee-toplanti\Toplanti.Business\HttpClients\Zoom.cs(256,46): warning CS8602: Olas─▒ bir null ba┼şvurunun ba┼şvurma i┼şlemi. [C:\Users\humeyra.cimen\Desktop\yeeeeeeeee\yee-toplanti\Toplanti.Business\Toplanti.Business.csproj]
C:\Users\humeyra.cimen\Desktop\yeeeeeeeee\yee-toplanti\Toplanti.Business\HttpClients\Zoom.cs(259,37): warning CS8602: Olas─▒ bir null ba┼şvurunun ba┼şvurma i┼şlemi. [C:\Users\humeyra.cimen\Desktop\yeeeeeeeee\yee-toplanti\Toplanti.Business\Toplanti.Business.csproj]
C:\Users\humeyra.cimen\Desktop\yeeeeeeeee\yee-toplanti\Toplanti.Business\HttpClients\Zoom.cs(271,48): warning CS8600: Null sabit de─şeri veya olas─▒ null de─şeri, bo┼ş de─şer atanamaz t├╝re d├Ân├╝┼şt├╝r├╝l├╝yor. [C:\Users\humeyra.cimen\Desktop\yeeeeeeeee\yee-toplanti\Toplanti.Business\Toplanti.Business.csproj]
C:\Users\humeyra.cimen\Desktop\yeeeeeeeee\yee-toplanti\Toplanti.Business\HttpClients\Zoom.cs(273,58): warning CS8602: Olas─▒ bir null ba┼şvurunun ba┼şvurma i┼şlemi. [C:\Users\humeyra.cimen\Desktop\yeeeeeeeee\yee-toplanti\Toplanti.Business\Toplanti.Business.csproj]
C:\Users\humeyra.cimen\Desktop\yeeeeeeeee\yee-toplanti\Toplanti.Business\HttpClients\Zoom.cs(276,56): warning CS8602: Olas─▒ bir null ba┼şvurunun ba┼şvurma i┼şlemi. [C:\Users\humeyra.cimen\Desktop\yeeeeeeeee\yee-toplanti\Toplanti.Business\Toplanti.Business.csproj]
C:\Users\humeyra.cimen\Desktop\yeeeeeeeee\yee-toplanti\Toplanti.Business\HttpClients\Zoom.cs(317,65): warning CS8625: Null sabit de─şer, bo┼ş de─şer atanamayan ba┼şvuru t├╝r├╝ne d├Ân├╝┼şt├╝r├╝lemiyor. [C:\Users\humeyra.cimen\Desktop\yeeeeeeeee\yee-toplanti\Toplanti.Business\Toplanti.Business.csproj]
C:\Users\humeyra.cimen\Desktop\yeeeeeeeee\yee-toplanti\Toplanti.Business\HttpClients\Zoom.cs(331,39): warning CS8600: Null sabit de─şeri veya olas─▒ null de─şeri, bo┼ş de─şer atanamaz t├╝re d├Ân├╝┼şt├╝r├╝l├╝yor. [C:\Users\humeyra.cimen\Desktop\yeeeeeeeee\yee-toplanti\Toplanti.Business\Toplanti.Business.csproj]
C:\Users\humeyra.cimen\Desktop\yeeeeeeeee\yee-toplanti\Toplanti.Business\HttpClients\Zoom.cs(338,63): warning CS8604: 'SuccessDataResult<ZoomCreatedResponse>.SuccessDataResult(ZoomCreatedResponse data, string message)' i├ğindeki 'data' parametresi i├ğin olas─▒ null ba┼şvuru ba─ş─▒ms─▒z de─şi┼şkeni. [C:\Users\humeyra.cimen\Desktop\yeeeeeeeee\yee-toplanti\Toplanti.Business\Toplanti.Business.csproj]
C:\Users\humeyra.cimen\Desktop\yeeeeeeeee\yee-toplanti\Toplanti.Business\HttpClients\Zoom.cs(364,29): warning CS8600: Null sabit de─şeri veya olas─▒ null de─şeri, bo┼ş de─şer atanamaz t├╝re d├Ân├╝┼şt├╝r├╝l├╝yor. [C:\Users\humeyra.cimen\Desktop\yeeeeeeeee\yee-toplanti\Toplanti.Business\Toplanti.Business.csproj]
C:\Users\humeyra.cimen\Desktop\yeeeeeeeee\yee-toplanti\Toplanti.Business\HttpClients\Zoom.cs(366,46): warning CS8602: Olas─▒ bir null ba┼şvurunun ba┼şvurma i┼şlemi. [C:\Users\humeyra.cimen\Desktop\yeeeeeeeee\yee-toplanti\Toplanti.Business\Toplanti.Business.csproj]
C:\Users\humeyra.cimen\Desktop\yeeeeeeeee\yee-toplanti\Toplanti.Business\HttpClients\Zoom.cs(369,37): warning CS8602: Olas─▒ bir null ba┼şvurunun ba┼şvurma i┼şlemi. [C:\Users\humeyra.cimen\Desktop\yeeeeeeeee\yee-toplanti\Toplanti.Business\Toplanti.Business.csproj]
C:\Users\humeyra.cimen\Desktop\yeeeeeeeee\yee-toplanti\Toplanti.Business\HttpClients\Zoom.cs(387,33): warning CS8602: Olas─▒ bir null ba┼şvurunun ba┼şvurma i┼şlemi. [C:\Users\humeyra.cimen\Desktop\yeeeeeeeee\yee-toplanti\Toplanti.Business\Toplanti.Business.csproj]
C:\Users\humeyra.cimen\Desktop\yeeeeeeeee\yee-toplanti\Toplanti.Business\HttpClients\Zoom.cs(451,29): warning CS8600: Null sabit de─şeri veya olas─▒ null de─şeri, bo┼ş de─şer atanamaz t├╝re d├Ân├╝┼şt├╝r├╝l├╝yor. [C:\Users\humeyra.cimen\Desktop\yeeeeeeeee\yee-toplanti\Toplanti.Business\Toplanti.Business.csproj]
C:\Users\humeyra.cimen\Desktop\yeeeeeeeee\yee-toplanti\Toplanti.Business\HttpClients\Zoom.cs(453,46): warning CS8602: Olas─▒ bir null ba┼şvurunun ba┼şvurma i┼şlemi. [C:\Users\humeyra.cimen\Desktop\yeeeeeeeee\yee-toplanti\Toplanti.Business\Toplanti.Business.csproj]
C:\Users\humeyra.cimen\Desktop\yeeeeeeeee\yee-toplanti\Toplanti.Business\HttpClients\Zoom.cs(456,37): warning CS8602: Olas─▒ bir null ba┼şvurunun ba┼şvurma i┼şlemi. [C:\Users\humeyra.cimen\Desktop\yeeeeeeeee\yee-toplanti\Toplanti.Business\Toplanti.Business.csproj]
C:\Users\humeyra.cimen\Desktop\yeeeeeeeee\yee-toplanti\Toplanti.Business\HttpClients\Zoom.cs(468,48): warning CS8600: Null sabit de─şeri veya olas─▒ null de─şeri, bo┼ş de─şer atanamaz t├╝re d├Ân├╝┼şt├╝r├╝l├╝yor. [C:\Users\humeyra.cimen\Desktop\yeeeeeeeee\yee-toplanti\Toplanti.Business\Toplanti.Business.csproj]
C:\Users\humeyra.cimen\Desktop\yeeeeeeeee\yee-toplanti\Toplanti.Business\HttpClients\Zoom.cs(470,58): warning CS8602: Olas─▒ bir null ba┼şvurunun ba┼şvurma i┼şlemi. [C:\Users\humeyra.cimen\Desktop\yeeeeeeeee\yee-toplanti\Toplanti.Business\Toplanti.Business.csproj]
C:\Users\humeyra.cimen\Desktop\yeeeeeeeee\yee-toplanti\Toplanti.Business\HttpClients\Zoom.cs(473,56): warning CS8602: Olas─▒ bir null ba┼şvurunun ba┼şvurma i┼şlemi. [C:\Users\humeyra.cimen\Desktop\yeeeeeeeee\yee-toplanti\Toplanti.Business\Toplanti.Business.csproj]
C:\Users\humeyra.cimen\Desktop\yeeeeeeeee\yee-toplanti\Toplanti.Business\HttpClients\Zoom.cs(497,53): warning CS8600: Null sabit de─şeri veya olas─▒ null de─şeri, bo┼ş de─şer atanamaz t├╝re d├Ân├╝┼şt├╝r├╝l├╝yor. [C:\Users\humeyra.cimen\Desktop\yeeeeeeeee\yee-toplanti\Toplanti.Business\Toplanti.Business.csproj]
C:\Users\humeyra.cimen\Desktop\yeeeeeeeee\yee-toplanti\Toplanti.Business\HttpClients\Zoom.cs(508,38): warning CS8600: Null sabit de─şeri veya olas─▒ null de─şeri, bo┼ş de─şer atanamaz t├╝re d├Ân├╝┼şt├╝r├╝l├╝yor. [C:\Users\humeyra.cimen\Desktop\yeeeeeeeee\yee-toplanti\Toplanti.Business\Toplanti.Business.csproj]
C:\Users\humeyra.cimen\Desktop\yeeeeeeeee\yee-toplanti\Toplanti.Business\HttpClients\Zoom.cs(512,64): warning CS8604: 'ErrorDataResult<PastMeetingDetails>.ErrorDataResult(PastMeetingDetails data, string message)' i├ğindeki 'data' parametresi i├ğin olas─▒ null ba┼şvuru ba─ş─▒ms─▒z de─şi┼şkeni. [C:\Users\humeyra.cimen\Desktop\yeeeeeeeee\yee-toplanti\Toplanti.Business\Toplanti.Business.csproj]
C:\Users\humeyra.cimen\Desktop\yeeeeeeeee\yee-toplanti\Toplanti.Business\HttpClients\Zoom.cs(515,62): warning CS8604: 'SuccessDataResult<PastMeetingDetails>.SuccessDataResult(PastMeetingDetails data, string message)' i├ğindeki 'data' parametresi i├ğin olas─▒ null ba┼şvuru ba─ş─▒ms─▒z de─şi┼şkeni. [C:\Users\humeyra.cimen\Desktop\yeeeeeeeee\yee-toplanti\Toplanti.Business\Toplanti.Business.csproj]
C:\Users\humeyra.cimen\Desktop\yeeeeeeeee\yee-toplanti\Toplanti.Business\HttpClients\Zoom.cs(520,50): warning CS8600: Null sabit de─şeri veya olas─▒ null de─şeri, bo┼ş de─şer atanamaz t├╝re d├Ân├╝┼şt├╝r├╝l├╝yor. [C:\Users\humeyra.cimen\Desktop\yeeeeeeeee\yee-toplanti\Toplanti.Business\Toplanti.Business.csproj]
C:\Users\humeyra.cimen\Desktop\yeeeeeeeee\yee-toplanti\Toplanti.Business\HttpClients\Zoom.cs(531,34): warning CS8600: Null sabit de─şeri veya olas─▒ null de─şeri, bo┼ş de─şer atanamaz t├╝re d├Ân├╝┼şt├╝r├╝l├╝yor. [C:\Users\humeyra.cimen\Desktop\yeeeeeeeee\yee-toplanti\Toplanti.Business\Toplanti.Business.csproj]
C:\Users\humeyra.cimen\Desktop\yeeeeeeeee\yee-toplanti\Toplanti.Business\HttpClients\Zoom.cs(535,65): warning CS8604: 'ErrorDataResult<ZoomCreatedResponse>.ErrorDataResult(ZoomCreatedResponse data, string message)' i├ğindeki 'data' parametresi i├ğin olas─▒ null ba┼şvuru ba─ş─▒ms─▒z de─şi┼şkeni. [C:\Users\humeyra.cimen\Desktop\yeeeeeeeee\yee-toplanti\Toplanti.Business\Toplanti.Business.csproj]
C:\Users\humeyra.cimen\Desktop\yeeeeeeeee\yee-toplanti\Toplanti.Business\HttpClients\Zoom.cs(538,63): warning CS8604: 'SuccessDataResult<ZoomCreatedResponse>.SuccessDataResult(ZoomCreatedResponse data, string message)' i├ğindeki 'data' parametresi i├ğin olas─▒ null ba┼şvuru ba─ş─▒ms─▒z de─şi┼şkeni. [C:\Users\humeyra.cimen\Desktop\yeeeeeeeee\yee-toplanti\Toplanti.Business\Toplanti.Business.csproj]
C:\Users\humeyra.cimen\Desktop\yeeeeeeeee\yee-toplanti\Toplanti.Business\HttpClients\Zoom.cs(554,29): warning CS8600: Null sabit de─şeri veya olas─▒ null de─şeri, bo┼ş de─şer atanamaz t├╝re d├Ân├╝┼şt├╝r├╝l├╝yor. [C:\Users\humeyra.cimen\Desktop\yeeeeeeeee\yee-toplanti\Toplanti.Business\Toplanti.Business.csproj]
C:\Users\humeyra.cimen\Desktop\yeeeeeeeee\yee-toplanti\Toplanti.Business\HttpClients\Zoom.cs(561,62): warning CS8602: Olas─▒ bir null ba┼şvurunun ba┼şvurma i┼şlemi. [C:\Users\humeyra.cimen\Desktop\yeeeeeeeee\yee-toplanti\Toplanti.Business\Toplanti.Business.csproj]
C:\Users\humeyra.cimen\Desktop\yeeeeeeeee\yee-toplanti\Toplanti.Business\HttpClients\Zoom.cs(577,38): warning CS8600: Null sabit de─şeri veya olas─▒ null de─şeri, bo┼ş de─şer atanamaz t├╝re d├Ân├╝┼şt├╝r├╝l├╝yor. [C:\Users\humeyra.cimen\Desktop\yeeeeeeeee\yee-toplanti\Toplanti.Business\Toplanti.Business.csproj]
C:\Users\humeyra.cimen\Desktop\yeeeeeeeee\yee-toplanti\Toplanti.Business\HttpClients\Zoom.cs(578,66): warning CS8604: 'SuccessDataResult<ZoomUserListWithCo>.SuccessDataResult(ZoomUserListWithCo data, string message)' i├ğindeki 'data' parametresi i├ğin olas─▒ null ba┼şvuru ba─ş─▒ms─▒z de─şi┼şkeni. [C:\Users\humeyra.cimen\Desktop\yeeeeeeeee\yee-toplanti\Toplanti.Business\Toplanti.Business.csproj]
C:\Users\humeyra.cimen\Desktop\yeeeeeeeee\yee-toplanti\Toplanti.Business\HttpClients\Zoom.cs(625,17): warning CS8602: Olas─▒ bir null ba┼şvurunun ba┼şvurma i┼şlemi. [C:\Users\humeyra.cimen\Desktop\yeeeeeeeee\yee-toplanti\Toplanti.Business\Toplanti.Business.csproj]

Olu┼şturma BA┼ŞARISIZ OLDU.

C:\Users\humeyra.cimen\Desktop\yeeeeeeeee\yee-toplanti\Toplanti.Business\Toplanti.Business.csproj : warning NU1903: 'MimeKit' 4.4.0 paketinde ├Ânem derecesi y├╝ksek olan bilinen bir https://github.com/advisories/GHSA-gmc6-fwg3-75m5 g├╝venlik a├ğ─▒─ş─▒ var [C:\Users\humeyra.cimen\Desktop\yeeeeeeeee\yee-toplanti\Toplanti.sln]
C:\Users\humeyra.cimen\Desktop\yeeeeeeeee\yee-toplanti\Toplanti.Business\Toplanti.Business.csproj : warning NU1902: 'RestSharp' 111.4.1 paketinde ├Ânem derecesi orta olan bilinen bir https://github.com/advisories/GHSA-4rr6-2v9v-wcpc g├╝venlik a├ğ─▒─ş─▒ var [C:\Users\humeyra.cimen\Desktop\yeeeeeeeee\yee-toplanti\Toplanti.sln]
C:\Users\humeyra.cimen\Desktop\yeeeeeeeee\yee-toplanti\Toplanti.Business\Toplanti.Business.csproj : warning NU1903: 'MimeKit' 4.4.0 paketinde ├Ânem derecesi y├╝ksek olan bilinen bir https://github.com/advisories/GHSA-gmc6-fwg3-75m5 g├╝venlik a├ğ─▒─ş─▒ var
C:\Users\humeyra.cimen\Desktop\yeeeeeeeee\yee-toplanti\Toplanti.Business\Toplanti.Business.csproj : warning NU1902: 'RestSharp' 111.4.1 paketinde ├Ânem derecesi orta olan bilinen bir https://github.com/advisories/GHSA-4rr6-2v9v-wcpc g├╝venlik a├ğ─▒─ş─▒ var
C:\Users\humeyra.cimen\Desktop\yeeeeeeeee\yee-toplanti\Toplanti.Business\HttpClients\SsoApi.cs(6,7): warning CS0105: 'Toplanti.Core.Utilities.Results' i├ğin using y├Ânergesi bu ad alan─▒nda daha ├Ânce g├Âr├╝nd├╝ [C:\Users\humeyra.cimen\Desktop\yeeeeeeeee\yee-toplanti\Toplanti.Business\Toplanti.Business.csproj]
C:\Users\humeyra.cimen\Desktop\yeeeeeeeee\yee-toplanti\Toplanti.Business\Mapping\ModelMapper.cs(14,32): warning CS8618: Null atanamaz alan '_mapper', olu┼şturucudan ├ğ─▒k─▒┼ş yaparken null olmayan bir de─şer i├ğermelidir. 'Gerekli' de─şi┼ştiricisini ekleyin veya alan de─şerini null atanabilir olarak bildirmeyi g├Âz ├Ân├╝nde bulundurun. [C:\Users\humeyra.cimen\Desktop\yeeeeeeeee\yee-toplanti\Toplanti.Business\Toplanti.Business.csproj]
C:\Users\humeyra.cimen\Desktop\yeeeeeeeee\yee-toplanti\Toplanti.Business\Helpers\EmailHelper.cs(39,30): warning CS0168: 'ex' de─şi┼şkeni ifade edilir ancak hi├ğbir zaman kullan─▒lmaz [C:\Users\humeyra.cimen\Desktop\yeeeeeeeee\yee-toplanti\Toplanti.Business\Toplanti.Business.csproj]
C:\Users\humeyra.cimen\Desktop\yeeeeeeeee\yee-toplanti\Toplanti.Business\BusinessAspects\Autofac\SecuredOperation.cs(21,36): warning CS8601: Olas─▒ null ba┼şvuru atamas─▒. [C:\Users\humeyra.cimen\Desktop\yeeeeeeeee\yee-toplanti\Toplanti.Business\Toplanti.Business.csproj]
C:\Users\humeyra.cimen\Desktop\yeeeeeeeee\yee-toplanti\Toplanti.Business\BusinessAspects\Autofac\SecuredOperation.cs(18,16): warning CS8618: Null atanamaz alan '_httpContextAccessor', olu┼şturucudan ├ğ─▒k─▒┼ş yaparken null olmayan bir de─şer i├ğermelidir. 'Gerekli' de─şi┼ştiricisini ekleyin veya alan de─şerini null atanabilir olarak bildirmeyi g├Âz ├Ân├╝nde bulundurun. [C:\Users\humeyra.cimen\Desktop\yeeeeeeeee\yee-toplanti\Toplanti.Business\Toplanti.Business.csproj]
C:\Users\humeyra.cimen\Desktop\yeeeeeeeee\yee-toplanti\Toplanti.Business\BusinessAspects\Autofac\SecuredOperation.cs(27,30): warning CS8602: Olas─▒ bir null ba┼şvurunun ba┼şvurma i┼şlemi. [C:\Users\humeyra.cimen\Desktop\yeeeeeeeee\yee-toplanti\Toplanti.Business\Toplanti.Business.csproj]
C:\Users\humeyra.cimen\Desktop\yeeeeeeeee\yee-toplanti\Toplanti.Business\HttpClients\Zoom.cs(53,65): warning CS8625: Null sabit de─şer, bo┼ş de─şer atanamayan ba┼şvuru t├╝r├╝ne d├Ân├╝┼şt├╝r├╝lemiyor. [C:\Users\humeyra.cimen\Desktop\yeeeeeeeee\yee-toplanti\Toplanti.Business\Toplanti.Business.csproj]
C:\Users\humeyra.cimen\Desktop\yeeeeeeeee\yee-toplanti\Toplanti.Business\HttpClients\Zoom.cs(66,39): warning CS8600: Null sabit de─şeri veya olas─▒ null de─şeri, bo┼ş de─şer atanamaz t├╝re d├Ân├╝┼şt├╝r├╝l├╝yor. [C:\Users\humeyra.cimen\Desktop\yeeeeeeeee\yee-toplanti\Toplanti.Business\Toplanti.Business.csproj]
C:\Users\humeyra.cimen\Desktop\yeeeeeeeee\yee-toplanti\Toplanti.Business\HttpClients\Zoom.cs(73,63): warning CS8604: 'SuccessDataResult<ZoomCreatedResponse>.SuccessDataResult(ZoomCreatedResponse data, string message)' i├ğindeki 'data' parametresi i├ğin olas─▒ null ba┼şvuru ba─ş─▒ms─▒z de─şi┼şkeni. [C:\Users\humeyra.cimen\Desktop\yeeeeeeeee\yee-toplanti\Toplanti.Business\Toplanti.Business.csproj]
C:\Users\humeyra.cimen\Desktop\yeeeeeeeee\yee-toplanti\Toplanti.Business\HttpClients\SsoApi.cs(28,34): warning CS8600: Null sabit de─şeri veya olas─▒ null de─şeri, bo┼ş de─şer atanamaz t├╝re d├Ân├╝┼şt├╝r├╝l├╝yor. [C:\Users\humeyra.cimen\Desktop\yeeeeeeeee\yee-toplanti\Toplanti.Business\Toplanti.Business.csproj]
C:\Users\humeyra.cimen\Desktop\yeeeeeeeee\yee-toplanti\Toplanti.Business\HttpClients\SsoApi.cs(30,20): warning CS8603: Olas─▒ null ba┼şvuru d├Ân├╝┼ş├╝. [C:\Users\humeyra.cimen\Desktop\yeeeeeeeee\yee-toplanti\Toplanti.Business\Toplanti.Business.csproj]
C:\Users\humeyra.cimen\Desktop\yeeeeeeeee\yee-toplanti\Toplanti.Business\HttpClients\Zoom.cs(95,53): warning CS8600: Null sabit de─şeri veya olas─▒ null de─şeri, bo┼ş de─şer atanamaz t├╝re d├Ân├╝┼şt├╝r├╝l├╝yor. [C:\Users\humeyra.cimen\Desktop\yeeeeeeeee\yee-toplanti\Toplanti.Business\Toplanti.Business.csproj]
C:\Users\humeyra.cimen\Desktop\yeeeeeeeee\yee-toplanti\Toplanti.Business\HttpClients\Zoom.cs(105,38): warning CS8600: Null sabit de─şeri veya olas─▒ null de─şeri, bo┼ş de─şer atanamaz t├╝re d├Ân├╝┼şt├╝r├╝l├╝yor. [C:\Users\humeyra.cimen\Desktop\yeeeeeeeee\yee-toplanti\Toplanti.Business\Toplanti.Business.csproj]
C:\Users\humeyra.cimen\Desktop\yeeeeeeeee\yee-toplanti\Toplanti.Business\HttpClients\Zoom.cs(109,64): warning CS8604: 'ErrorDataResult<PastMeetingDetails>.ErrorDataResult(PastMeetingDetails data, string message)' i├ğindeki 'data' parametresi i├ğin olas─▒ null ba┼şvuru ba─ş─▒ms─▒z de─şi┼şkeni. [C:\Users\humeyra.cimen\Desktop\yeeeeeeeee\yee-toplanti\Toplanti.Business\Toplanti.Business.csproj]
C:\Users\humeyra.cimen\Desktop\yeeeeeeeee\yee-toplanti\Toplanti.Business\HttpClients\Zoom.cs(112,62): warning CS8604: 'SuccessDataResult<PastMeetingDetails>.SuccessDataResult(PastMeetingDetails data, string message)' i├ğindeki 'data' parametresi i├ğin olas─▒ null ba┼şvuru ba─ş─▒ms─▒z de─şi┼şkeni. [C:\Users\humeyra.cimen\Desktop\yeeeeeeeee\yee-toplanti\Toplanti.Business\Toplanti.Business.csproj]
C:\Users\humeyra.cimen\Desktop\yeeeeeeeee\yee-toplanti\Toplanti.Business\HttpClients\SsoApi.cs(41,35): warning CS8602: Olas─▒ bir null ba┼şvurunun ba┼şvurma i┼şlemi. [C:\Users\humeyra.cimen\Desktop\yeeeeeeeee\yee-toplanti\Toplanti.Business\Toplanti.Business.csproj]
C:\Users\humeyra.cimen\Desktop\yeeeeeeeee\yee-toplanti\Toplanti.Business\HttpClients\Zoom.cs(117,49): warning CS8600: Null sabit de─şeri veya olas─▒ null de─şeri, bo┼ş de─şer atanamaz t├╝re d├Ân├╝┼şt├╝r├╝l├╝yor. [C:\Users\humeyra.cimen\Desktop\yeeeeeeeee\yee-toplanti\Toplanti.Business\Toplanti.Business.csproj]
C:\Users\humeyra.cimen\Desktop\yeeeeeeeee\yee-toplanti\Toplanti.Business\HttpClients\Zoom.cs(127,34): warning CS8600: Null sabit de─şeri veya olas─▒ null de─şeri, bo┼ş de─şer atanamaz t├╝re d├Ân├╝┼şt├╝r├╝l├╝yor. [C:\Users\humeyra.cimen\Desktop\yeeeeeeeee\yee-toplanti\Toplanti.Business\Toplanti.Business.csproj]
C:\Users\humeyra.cimen\Desktop\yeeeeeeeee\yee-toplanti\Toplanti.Business\HttpClients\Zoom.cs(133,64): warning CS8604: 'ErrorDataResult<PastMeetingDetails>.ErrorDataResult(PastMeetingDetails data, string message)' i├ğindeki 'data' parametresi i├ğin olas─▒ null ba┼şvuru ba─ş─▒ms─▒z de─şi┼şkeni. [C:\Users\humeyra.cimen\Desktop\yeeeeeeeee\yee-toplanti\Toplanti.Business\Toplanti.Business.csproj]
C:\Users\humeyra.cimen\Desktop\yeeeeeeeee\yee-toplanti\Toplanti.Business\HttpClients\Zoom.cs(136,62): warning CS8604: 'SuccessDataResult<PastMeetingDetails>.SuccessDataResult(PastMeetingDetails data, string message)' i├ğindeki 'data' parametresi i├ğin olas─▒ null ba┼şvuru ba─ş─▒ms─▒z de─şi┼şkeni. [C:\Users\humeyra.cimen\Desktop\yeeeeeeeee\yee-toplanti\Toplanti.Business\Toplanti.Business.csproj]
C:\Users\humeyra.cimen\Desktop\yeeeeeeeee\yee-toplanti\Toplanti.Business\HttpClients\SsoApi.cs(54,29): warning CS8600: Null sabit de─şeri veya olas─▒ null de─şeri, bo┼ş de─şer atanamaz t├╝re d├Ân├╝┼şt├╝r├╝l├╝yor. [C:\Users\humeyra.cimen\Desktop\yeeeeeeeee\yee-toplanti\Toplanti.Business\Toplanti.Business.csproj]
C:\Users\humeyra.cimen\Desktop\yeeeeeeeee\yee-toplanti\Toplanti.Business\HttpClients\SsoApi.cs(56,20): warning CS8603: Olas─▒ null ba┼şvuru d├Ân├╝┼ş├╝. [C:\Users\humeyra.cimen\Desktop\yeeeeeeeee\yee-toplanti\Toplanti.Business\Toplanti.Business.csproj]
C:\Users\humeyra.cimen\Desktop\yeeeeeeeee\yee-toplanti\Toplanti.Business\HttpClients\SsoApi.cs(67,29): warning CS8600: Null sabit de─şeri veya olas─▒ null de─şeri, bo┼ş de─şer atanamaz t├╝re d├Ân├╝┼şt├╝r├╝l├╝yor. [C:\Users\humeyra.cimen\Desktop\yeeeeeeeee\yee-toplanti\Toplanti.Business\Toplanti.Business.csproj]
C:\Users\humeyra.cimen\Desktop\yeeeeeeeee\yee-toplanti\Toplanti.Business\HttpClients\SsoApi.cs(69,20): warning CS8603: Olas─▒ null ba┼şvuru d├Ân├╝┼ş├╝. [C:\Users\humeyra.cimen\Desktop\yeeeeeeeee\yee-toplanti\Toplanti.Business\Toplanti.Business.csproj]
C:\Users\humeyra.cimen\Desktop\yeeeeeeeee\yee-toplanti\Toplanti.Business\HttpClients\Zoom.cs(152,29): warning CS8600: Null sabit de─şeri veya olas─▒ null de─şeri, bo┼ş de─şer atanamaz t├╝re d├Ân├╝┼şt├╝r├╝l├╝yor. [C:\Users\humeyra.cimen\Desktop\yeeeeeeeee\yee-toplanti\Toplanti.Business\Toplanti.Business.csproj]
C:\Users\humeyra.cimen\Desktop\yeeeeeeeee\yee-toplanti\Toplanti.Business\HttpClients\Zoom.cs(159,62): warning CS8602: Olas─▒ bir null ba┼şvurunun ba┼şvurma i┼şlemi. [C:\Users\humeyra.cimen\Desktop\yeeeeeeeee\yee-toplanti\Toplanti.Business\Toplanti.Business.csproj]
C:\Users\humeyra.cimen\Desktop\yeeeeeeeee\yee-toplanti\Toplanti.Business\HttpClients\Zoom.cs(177,29): warning CS8600: Null sabit de─şeri veya olas─▒ null de─şeri, bo┼ş de─şer atanamaz t├╝re d├Ân├╝┼şt├╝r├╝l├╝yor. [C:\Users\humeyra.cimen\Desktop\yeeeeeeeee\yee-toplanti\Toplanti.Business\Toplanti.Business.csproj]
C:\Users\humeyra.cimen\Desktop\yeeeeeeeee\yee-toplanti\Toplanti.Business\HttpClients\Zoom.cs(186,24): warning CS8602: Olas─▒ bir null ba┼şvurunun ba┼şvurma i┼şlemi. [C:\Users\humeyra.cimen\Desktop\yeeeeeeeee\yee-toplanti\Toplanti.Business\Toplanti.Business.csproj]
C:\Users\humeyra.cimen\Desktop\yeeeeeeeee\yee-toplanti\Toplanti.Business\HttpClients\Zoom.cs(190,33): warning CS8600: Null sabit de─şeri veya olas─▒ null de─şeri, bo┼ş de─şer atanamaz t├╝re d├Ân├╝┼şt├╝r├╝l├╝yor. [C:\Users\humeyra.cimen\Desktop\yeeeeeeeee\yee-toplanti\Toplanti.Business\Toplanti.Business.csproj]
C:\Users\humeyra.cimen\Desktop\yeeeeeeeee\yee-toplanti\Toplanti.Business\HttpClients\Zoom.cs(206,33): warning CS8602: Olas─▒ bir null ba┼şvurunun ba┼şvurma i┼şlemi. [C:\Users\humeyra.cimen\Desktop\yeeeeeeeee\yee-toplanti\Toplanti.Business\Toplanti.Business.csproj]
C:\Users\humeyra.cimen\Desktop\yeeeeeeeee\yee-toplanti\Toplanti.Business\HttpClients\Zoom.cs(254,29): warning CS8600: Null sabit de─şeri veya olas─▒ null de─şeri, bo┼ş de─şer atanamaz t├╝re d├Ân├╝┼şt├╝r├╝l├╝yor. [C:\Users\humeyra.cimen\Desktop\yeeeeeeeee\yee-toplanti\Toplanti.Business\Toplanti.Business.csproj]
C:\Users\humeyra.cimen\Desktop\yeeeeeeeee\yee-toplanti\Toplanti.Business\HttpClients\Zoom.cs(256,46): warning CS8602: Olas─▒ bir null ba┼şvurunun ba┼şvurma i┼şlemi. [C:\Users\humeyra.cimen\Desktop\yeeeeeeeee\yee-toplanti\Toplanti.Business\Toplanti.Business.csproj]
C:\Users\humeyra.cimen\Desktop\yeeeeeeeee\yee-toplanti\Toplanti.Business\HttpClients\Zoom.cs(259,37): warning CS8602: Olas─▒ bir null ba┼şvurunun ba┼şvurma i┼şlemi. [C:\Users\humeyra.cimen\Desktop\yeeeeeeeee\yee-toplanti\Toplanti.Business\Toplanti.Business.csproj]
C:\Users\humeyra.cimen\Desktop\yeeeeeeeee\yee-toplanti\Toplanti.Business\HttpClients\Zoom.cs(271,48): warning CS8600: Null sabit de─şeri veya olas─▒ null de─şeri, bo┼ş de─şer atanamaz t├╝re d├Ân├╝┼şt├╝r├╝l├╝yor. [C:\Users\humeyra.cimen\Desktop\yeeeeeeeee\yee-toplanti\Toplanti.Business\Toplanti.Business.csproj]
C:\Users\humeyra.cimen\Desktop\yeeeeeeeee\yee-toplanti\Toplanti.Business\HttpClients\Zoom.cs(273,58): warning CS8602: Olas─▒ bir null ba┼şvurunun ba┼şvurma i┼şlemi. [C:\Users\humeyra.cimen\Desktop\yeeeeeeeee\yee-toplanti\Toplanti.Business\Toplanti.Business.csproj]
C:\Users\humeyra.cimen\Desktop\yeeeeeeeee\yee-toplanti\Toplanti.Business\HttpClients\Zoom.cs(276,56): warning CS8602: Olas─▒ bir null ba┼şvurunun ba┼şvurma i┼şlemi. [C:\Users\humeyra.cimen\Desktop\yeeeeeeeee\yee-toplanti\Toplanti.Business\Toplanti.Business.csproj]
C:\Users\humeyra.cimen\Desktop\yeeeeeeeee\yee-toplanti\Toplanti.Business\HttpClients\Zoom.cs(317,65): warning CS8625: Null sabit de─şer, bo┼ş de─şer atanamayan ba┼şvuru t├╝r├╝ne d├Ân├╝┼şt├╝r├╝lemiyor. [C:\Users\humeyra.cimen\Desktop\yeeeeeeeee\yee-toplanti\Toplanti.Business\Toplanti.Business.csproj]
C:\Users\humeyra.cimen\Desktop\yeeeeeeeee\yee-toplanti\Toplanti.Business\HttpClients\Zoom.cs(331,39): warning CS8600: Null sabit de─şeri veya olas─▒ null de─şeri, bo┼ş de─şer atanamaz t├╝re d├Ân├╝┼şt├╝r├╝l├╝yor. [C:\Users\humeyra.cimen\Desktop\yeeeeeeeee\yee-toplanti\Toplanti.Business\Toplanti.Business.csproj]
C:\Users\humeyra.cimen\Desktop\yeeeeeeeee\yee-toplanti\Toplanti.Business\HttpClients\Zoom.cs(338,63): warning CS8604: 'SuccessDataResult<ZoomCreatedResponse>.SuccessDataResult(ZoomCreatedResponse data, string message)' i├ğindeki 'data' parametresi i├ğin olas─▒ null ba┼şvuru ba─ş─▒ms─▒z de─şi┼şkeni. [C:\Users\humeyra.cimen\Desktop\yeeeeeeeee\yee-toplanti\Toplanti.Business\Toplanti.Business.csproj]
C:\Users\humeyra.cimen\Desktop\yeeeeeeeee\yee-toplanti\Toplanti.Business\HttpClients\Zoom.cs(364,29): warning CS8600: Null sabit de─şeri veya olas─▒ null de─şeri, bo┼ş de─şer atanamaz t├╝re d├Ân├╝┼şt├╝r├╝l├╝yor. [C:\Users\humeyra.cimen\Desktop\yeeeeeeeee\yee-toplanti\Toplanti.Business\Toplanti.Business.csproj]
C:\Users\humeyra.cimen\Desktop\yeeeeeeeee\yee-toplanti\Toplanti.Business\HttpClients\Zoom.cs(366,46): warning CS8602: Olas─▒ bir null ba┼şvurunun ba┼şvurma i┼şlemi. [C:\Users\humeyra.cimen\Desktop\yeeeeeeeee\yee-toplanti\Toplanti.Business\Toplanti.Business.csproj]
C:\Users\humeyra.cimen\Desktop\yeeeeeeeee\yee-toplanti\Toplanti.Business\HttpClients\Zoom.cs(369,37): warning CS8602: Olas─▒ bir null ba┼şvurunun ba┼şvurma i┼şlemi. [C:\Users\humeyra.cimen\Desktop\yeeeeeeeee\yee-toplanti\Toplanti.Business\Toplanti.Business.csproj]
C:\Users\humeyra.cimen\Desktop\yeeeeeeeee\yee-toplanti\Toplanti.Business\HttpClients\Zoom.cs(387,33): warning CS8602: Olas─▒ bir null ba┼şvurunun ba┼şvurma i┼şlemi. [C:\Users\humeyra.cimen\Desktop\yeeeeeeeee\yee-toplanti\Toplanti.Business\Toplanti.Business.csproj]
C:\Users\humeyra.cimen\Desktop\yeeeeeeeee\yee-toplanti\Toplanti.Business\HttpClients\Zoom.cs(451,29): warning CS8600: Null sabit de─şeri veya olas─▒ null de─şeri, bo┼ş de─şer atanamaz t├╝re d├Ân├╝┼şt├╝r├╝l├╝yor. [C:\Users\humeyra.cimen\Desktop\yeeeeeeeee\yee-toplanti\Toplanti.Business\Toplanti.Business.csproj]
C:\Users\humeyra.cimen\Desktop\yeeeeeeeee\yee-toplanti\Toplanti.Business\HttpClients\Zoom.cs(453,46): warning CS8602: Olas─▒ bir null ba┼şvurunun ba┼şvurma i┼şlemi. [C:\Users\humeyra.cimen\Desktop\yeeeeeeeee\yee-toplanti\Toplanti.Business\Toplanti.Business.csproj]
C:\Users\humeyra.cimen\Desktop\yeeeeeeeee\yee-toplanti\Toplanti.Business\HttpClients\Zoom.cs(456,37): warning CS8602: Olas─▒ bir null ba┼şvurunun ba┼şvurma i┼şlemi. [C:\Users\humeyra.cimen\Desktop\yeeeeeeeee\yee-toplanti\Toplanti.Business\Toplanti.Business.csproj]
C:\Users\humeyra.cimen\Desktop\yeeeeeeeee\yee-toplanti\Toplanti.Business\HttpClients\Zoom.cs(468,48): warning CS8600: Null sabit de─şeri veya olas─▒ null de─şeri, bo┼ş de─şer atanamaz t├╝re d├Ân├╝┼şt├╝r├╝l├╝yor. [C:\Users\humeyra.cimen\Desktop\yeeeeeeeee\yee-toplanti\Toplanti.Business\Toplanti.Business.csproj]
C:\Users\humeyra.cimen\Desktop\yeeeeeeeee\yee-toplanti\Toplanti.Business\HttpClients\Zoom.cs(470,58): warning CS8602: Olas─▒ bir null ba┼şvurunun ba┼şvurma i┼şlemi. [C:\Users\humeyra.cimen\Desktop\yeeeeeeeee\yee-toplanti\Toplanti.Business\Toplanti.Business.csproj]
C:\Users\humeyra.cimen\Desktop\yeeeeeeeee\yee-toplanti\Toplanti.Business\HttpClients\Zoom.cs(473,56): warning CS8602: Olas─▒ bir null ba┼şvurunun ba┼şvurma i┼şlemi. [C:\Users\humeyra.cimen\Desktop\yeeeeeeeee\yee-toplanti\Toplanti.Business\Toplanti.Business.csproj]
C:\Users\humeyra.cimen\Desktop\yeeeeeeeee\yee-toplanti\Toplanti.Business\HttpClients\Zoom.cs(497,53): warning CS8600: Null sabit de─şeri veya olas─▒ null de─şeri, bo┼ş de─şer atanamaz t├╝re d├Ân├╝┼şt├╝r├╝l├╝yor. [C:\Users\humeyra.cimen\Desktop\yeeeeeeeee\yee-toplanti\Toplanti.Business\Toplanti.Business.csproj]
C:\Users\humeyra.cimen\Desktop\yeeeeeeeee\yee-toplanti\Toplanti.Business\HttpClients\Zoom.cs(508,38): warning CS8600: Null sabit de─şeri veya olas─▒ null de─şeri, bo┼ş de─şer atanamaz t├╝re d├Ân├╝┼şt├╝r├╝l├╝yor. [C:\Users\humeyra.cimen\Desktop\yeeeeeeeee\yee-toplanti\Toplanti.Business\Toplanti.Business.csproj]
C:\Users\humeyra.cimen\Desktop\yeeeeeeeee\yee-toplanti\Toplanti.Business\HttpClients\Zoom.cs(512,64): warning CS8604: 'ErrorDataResult<PastMeetingDetails>.ErrorDataResult(PastMeetingDetails data, string message)' i├ğindeki 'data' parametresi i├ğin olas─▒ null ba┼şvuru ba─ş─▒ms─▒z de─şi┼şkeni. [C:\Users\humeyra.cimen\Desktop\yeeeeeeeee\yee-toplanti\Toplanti.Business\Toplanti.Business.csproj]
C:\Users\humeyra.cimen\Desktop\yeeeeeeeee\yee-toplanti\Toplanti.Business\HttpClients\Zoom.cs(515,62): warning CS8604: 'SuccessDataResult<PastMeetingDetails>.SuccessDataResult(PastMeetingDetails data, string message)' i├ğindeki 'data' parametresi i├ğin olas─▒ null ba┼şvuru ba─ş─▒ms─▒z de─şi┼şkeni. [C:\Users\humeyra.cimen\Desktop\yeeeeeeeee\yee-toplanti\Toplanti.Business\Toplanti.Business.csproj]
C:\Users\humeyra.cimen\Desktop\yeeeeeeeee\yee-toplanti\Toplanti.Business\HttpClients\Zoom.cs(520,50): warning CS8600: Null sabit de─şeri veya olas─▒ null de─şeri, bo┼ş de─şer atanamaz t├╝re d├Ân├╝┼şt├╝r├╝l├╝yor. [C:\Users\humeyra.cimen\Desktop\yeeeeeeeee\yee-toplanti\Toplanti.Business\Toplanti.Business.csproj]
C:\Users\humeyra.cimen\Desktop\yeeeeeeeee\yee-toplanti\Toplanti.Business\HttpClients\Zoom.cs(531,34): warning CS8600: Null sabit de─şeri veya olas─▒ null de─şeri, bo┼ş de─şer atanamaz t├╝re d├Ân├╝┼şt├╝r├╝l├╝yor. [C:\Users\humeyra.cimen\Desktop\yeeeeeeeee\yee-toplanti\Toplanti.Business\Toplanti.Business.csproj]
C:\Users\humeyra.cimen\Desktop\yeeeeeeeee\yee-toplanti\Toplanti.Business\HttpClients\Zoom.cs(535,65): warning CS8604: 'ErrorDataResult<ZoomCreatedResponse>.ErrorDataResult(ZoomCreatedResponse data, string message)' i├ğindeki 'data' parametresi i├ğin olas─▒ null ba┼şvuru ba─ş─▒ms─▒z de─şi┼şkeni. [C:\Users\humeyra.cimen\Desktop\yeeeeeeeee\yee-toplanti\Toplanti.Business\Toplanti.Business.csproj]
C:\Users\humeyra.cimen\Desktop\yeeeeeeeee\yee-toplanti\Toplanti.Business\HttpClients\Zoom.cs(538,63): warning CS8604: 'SuccessDataResult<ZoomCreatedResponse>.SuccessDataResult(ZoomCreatedResponse data, string message)' i├ğindeki 'data' parametresi i├ğin olas─▒ null ba┼şvuru ba─ş─▒ms─▒z de─şi┼şkeni. [C:\Users\humeyra.cimen\Desktop\yeeeeeeeee\yee-toplanti\Toplanti.Business\Toplanti.Business.csproj]
C:\Users\humeyra.cimen\Desktop\yeeeeeeeee\yee-toplanti\Toplanti.Business\HttpClients\Zoom.cs(554,29): warning CS8600: Null sabit de─şeri veya olas─▒ null de─şeri, bo┼ş de─şer atanamaz t├╝re d├Ân├╝┼şt├╝r├╝l├╝yor. [C:\Users\humeyra.cimen\Desktop\yeeeeeeeee\yee-toplanti\Toplanti.Business\Toplanti.Business.csproj]
C:\Users\humeyra.cimen\Desktop\yeeeeeeeee\yee-toplanti\Toplanti.Business\HttpClients\Zoom.cs(561,62): warning CS8602: Olas─▒ bir null ba┼şvurunun ba┼şvurma i┼şlemi. [C:\Users\humeyra.cimen\Desktop\yeeeeeeeee\yee-toplanti\Toplanti.Business\Toplanti.Business.csproj]
C:\Users\humeyra.cimen\Desktop\yeeeeeeeee\yee-toplanti\Toplanti.Business\HttpClients\Zoom.cs(577,38): warning CS8600: Null sabit de─şeri veya olas─▒ null de─şeri, bo┼ş de─şer atanamaz t├╝re d├Ân├╝┼şt├╝r├╝l├╝yor. [C:\Users\humeyra.cimen\Desktop\yeeeeeeeee\yee-toplanti\Toplanti.Business\Toplanti.Business.csproj]
C:\Users\humeyra.cimen\Desktop\yeeeeeeeee\yee-toplanti\Toplanti.Business\HttpClients\Zoom.cs(578,66): warning CS8604: 'SuccessDataResult<ZoomUserListWithCo>.SuccessDataResult(ZoomUserListWithCo data, string message)' i├ğindeki 'data' parametresi i├ğin olas─▒ null ba┼şvuru ba─ş─▒ms─▒z de─şi┼şkeni. [C:\Users\humeyra.cimen\Desktop\yeeeeeeeee\yee-toplanti\Toplanti.Business\Toplanti.Business.csproj]
C:\Users\humeyra.cimen\Desktop\yeeeeeeeee\yee-toplanti\Toplanti.Business\HttpClients\Zoom.cs(625,17): warning CS8602: Olas─▒ bir null ba┼şvurunun ba┼şvurma i┼şlemi. [C:\Users\humeyra.cimen\Desktop\yeeeeeeeee\yee-toplanti\Toplanti.Business\Toplanti.Business.csproj]
C:\Users\humeyra.cimen\Desktop\yeeeeeeeee\yee-toplanti\Toplanti.Business\Concrete\LdapManager.cs(114,63): error CS1061: 'LdapException' bir 'ServerErrorMessage' tan─▒m─▒ i├ğermiyor ve 'LdapException' t├╝r├╝nde bir ilk ba─ş─▒ms─▒z de─şi┼şken kabul eden hi├ğbir eri┼şilebilir 'ServerErrorMessage' geni┼şletme y├Ântemi bulunamad─▒ (bir kullanma y├Ânergeniz veya derleme ba┼şvurunuz eksik olabilir mi?) [C:\Users\humeyra.cimen\Desktop\yeeeeeeeee\yee-toplanti\Toplanti.Business\Toplanti.Business.csproj]
    66 Uyar─▒
    1 Hata

Ge├ğen S├╝re 00:00:01.31
